C51 COMPILER V8.12   SEVENSEGMENT                                                          07/24/2016 12:18:57 PAGE 1   


C51 COMPILER V8.12, COMPILATION OF MODULE SEVENSEGMENT
OBJECT MODULE PLACED IN sevensegment.OBJ
COMPILER INVOKED BY: C:\Keil\C51\BIN\C51.EXE sevensegment.c BROWSE DEBUG OBJECTEXTEND

line level    source

   1          #include <reg51.h>
   2          #include <stdio.h>
   3          
   4          void delay();
   5          
   6          sbit eseg1000 = P3^7;
   7          sbit eseg100 = P3^6;
   8          sbit eseg10 = P3^5;
   9          sbit eseg1 = P3^4;
  10          
  11          unsigned char d0,d1,d2,d3;
  12          
  13          unsigned char SetDisplay(unsigned char value)
  14          {
  15   1              unsigned char segment[] = {0xc0,0xf9,0xa4,0xb0,0x99,0x92,0x83,0xf8,0x80,0x98};
  16   1              if (value<10)
  17   1                      return segment[value];
  18   1              else
  19   1                      return 0;
  20   1      }
  21          
  22          void delay()
  23          {
  24   1       /*     int i;
  25   1              for (i=0;i<500;i++)
  26   1                      i=i+0;     */
  27   1              TMOD = 0x01;
  28   1              TH0 = 0x04B;
  29   1              TL0 = 0xFD;
  30   1              TR0 = 1;
  31   1              while(TF0==0)
  32   1              {
  33   2              }
  34   1              TR0 = 0;
  35   1              TF0 = 0;
  36   1      }
  37          
  38          void main(void)
  39          {
  40   1              unsigned char count = 0;
  41   1              unsigned long timer = 0;
  42   1              int turn = 1;
  43   1              P2 = 0xff;
  44   1              d0=d1=d2=d3=0;
  45   1              while(1) 
  46   1              {
  47   2                              if (turn == 1)
  48   2                                      {
  49   3                                              eseg1000=eseg100=eseg10=0;
  50   3                                              P2=SetDisplay(d0);
  51   3                                              eseg1=1;
  52   3                                      }
  53   2                              else if (turn==2)
  54   2                                      {
  55   3                                              eseg1000=eseg100=eseg1=0;
C51 COMPILER V8.12   SEVENSEGMENT                                                          07/24/2016 12:18:57 PAGE 2   

  56   3                                              P2=SetDisplay(d1);
  57   3                                              eseg10=1;
  58   3                                      }
  59   2                              else if (turn==3)
  60   2                                      {
  61   3                                              eseg1000=eseg1=eseg10=0;
  62   3                                              P2=SetDisplay(d2);
  63   3                                              eseg100=1;
  64   3                                      }
  65   2                              else
  66   2                                      {
  67   3                                              eseg1=eseg100=eseg10=0;
  68   3                                              P2=SetDisplay(d3);
  69   3                                              eseg1000=1;
  70   3                                      }
  71   2      
  72   2                      if (turn>=4){
  73   3                       turn =0;
  74   3                      }
  75   2                      turn=turn+1;
  76   2                      delay();
  77   2                      if (timer == 20) {
  78   3                              d0++;
  79   3                              timer=0;
  80   3                                      if(d0>=10){
  81   4                                              d0=0;
  82   4                                              d1++;
  83   4                                      }
  84   3                                      if(d1>=6){
  85   4                                              d1=0;
  86   4                                              d2++;
  87   4                                      }
  88   3                                      if(d2>=10){
  89   4                                              d2=0;
  90   4                                              d3++;
  91   4                                      }
  92   3                                      if(d3>=6){
  93   4                                              d3=0;
  94   4                                      }
  95   3      
  96   3                      }
  97   2                      timer++;
  98   2              }
  99   1      }


MODULE INFORMATION:   STATIC OVERLAYABLE
   CODE SIZE        =    304    ----
   CONSTANT SIZE    =     10    ----
   XDATA SIZE       =   ----    ----
   PDATA SIZE       =   ----    ----
   DATA SIZE        =      4      18
   IDATA SIZE       =   ----    ----
   BIT SIZE         =   ----    ----
END OF MODULE INFORMATION.


C51 COMPILATION COMPLETE.  0 WARNING(S),  0 ERROR(S)
