C51 COMPILER V8.12   ANIMATE                                                               07/28/2016 22:21:57 PAGE 1   


C51 COMPILER V8.12, COMPILATION OF MODULE ANIMATE
OBJECT MODULE PLACED IN animate.OBJ
COMPILER INVOKED BY: C:\Keil\C51\BIN\C51.EXE animate.c BROWSE DEBUG OBJECTEXTEND

line level    source

   1          #include <reg51.h>
   2          
   3          unsigned char num1,num2;
   4          
   5          void delay_1()
   6          {
   7   1              int d;
   8   1              for (d=0;d<20;d++)
   9   1              {
  10   2                      TMOD = 0x01;
  11   2                      TH0 = 0xEB;
  12   2                      TL0 = 0xFD;
  13   2                      TR0 = 1;
  14   2                      while(TF0==0)
  15   2                      {
  16   3                      }
  17   2                      TR0 = 0;
  18   2                      TF0 = 0;
  19   2              }
  20   1      }
  21          
  22          void main()
  23          {
  24   1              int j=0;
  25   1                      num1=0x8;
  26   1                      num2=0x1;
  27   1                      P1 = (num1<<4)|(num2);
  28   1                      delay_1();
  29   1              while(1)
  30   1              {
  31   2                      for(j=0;j<3;j++)
  32   2                      {
  33   3                              num1>>=1;
  34   3                              num2<<=1;
  35   3                              P1 = (num1<<4)|(num2);
  36   3                              delay_1();
  37   3                      }
  38   2                      for(j=0;j<3;j++)
  39   2                      {
  40   3                              num1<<=1;
  41   3                              num2>>=1;
  42   3                              P1 = (num1<<4)|(num2);
  43   3                              delay_1();
  44   3                      }
  45   2              }
  46   1      }


MODULE INFORMATION:   STATIC OVERLAYABLE
   CODE SIZE        =    117    ----
   CONSTANT SIZE    =   ----    ----
   XDATA SIZE       =   ----    ----
   PDATA SIZE       =   ----    ----
   DATA SIZE        =      2    ----
   IDATA SIZE       =   ----    ----
C51 COMPILER V8.12   ANIMATE                                                               07/28/2016 22:21:57 PAGE 2   

   BIT SIZE         =   ----    ----
END OF MODULE INFORMATION.


C51 COMPILATION COMPLETE.  0 WARNING(S),  0 ERROR(S)
