C51 COMPILER V8.12   BLINKER                                                               07/27/2016 22:40:37 PAGE 1   


C51 COMPILER V8.12, COMPILATION OF MODULE BLINKER
OBJECT MODULE PLACED IN blinker.OBJ
COMPILER INVOKED BY: C:\Keil\C51\BIN\C51.EXE blinker.c BROWSE DEBUG OBJECTEXTEND

line level    source

   1          #include <REG51.h>
   2          
   3          void delay_1();
   4          
   5          void main()
   6          {
   7   1              P2 = 0x00;
   8   1              while(1)
   9   1              {
  10   2                      P1 = 0xFF;
  11   2                      delay_1();
  12   2                      P1 = 0x00;
  13   2                      delay_1();
  14   2              }       
  15   1      }
  16          
  17          void delay_1()
  18          {
  19   1              int d;
  20   1              for (d=0;d<20;d++)
  21   1              {
  22   2                      TMOD = 0x01;
  23   2                      TH0 = 0x04B;
  24   2                      TL0 = 0xFD;
  25   2                      TR0 = 1;
  26   2                      while(TF0==0)
  27   2                      {
  28   3                      }
  29   2                      TR0 = 0;
  30   2                      TF0 = 0;
  31   2              }
  32   1      }


MODULE INFORMATION:   STATIC OVERLAYABLE
   CODE SIZE        =     50    ----
   CONSTANT SIZE    =   ----    ----
   XDATA SIZE       =   ----    ----
   PDATA SIZE       =   ----    ----
   DATA SIZE        =   ----    ----
   IDATA SIZE       =   ----    ----
   BIT SIZE         =   ----    ----
END OF MODULE INFORMATION.


C51 COMPILATION COMPLETE.  0 WARNING(S),  0 ERROR(S)
